[30-Mar-2025 08:33:50 Europe/Berlin] ProductTranslatable: Content before replacement: PI Development specializes in creating, structuring, and distributing innovative financial products 
[30-Mar-2025 08:33:50 Europe/Berlin] ProductTranslatable: No variables found in content
[30-Mar-2025 08:33:50 Europe/Berlin] ProductTranslatable: Content after replacement: PI Development specializes in creating, structuring, and distributing innovative financial products 
[30-Mar-2025 08:33:50 Europe/Berlin] ProductTranslatable: Content before replacement: Established in 2023 by Itai Ruschkewitz, Dan Rosenberg, and PI, Who have over 50 years of combined e
[30-Mar-2025 08:33:50 Europe/Berlin] ProductTranslatable: No variables found in content
[30-Mar-2025 08:33:50 Europe/Berlin] ProductTranslatable: Content after replacement: Established in 2023 by Itai Ruschkewitz, Dan Rosenberg, and PI, Who have over 50 years of combined e
[30-Mar-2025 08:33:50 Europe/Berlin] ProductTranslatable: Content before replacement: The company operates through several subsidiaries, including PI Deposits and PI Plus, both of which 
[30-Mar-2025 08:33:50 Europe/Berlin] ProductTranslatable: No variables found in content
[30-Mar-2025 08:33:50 Europe/Berlin] ProductTranslatable: Content after replacement: The company operates through several subsidiaries, including PI Deposits and PI Plus, both of which 
[30-Mar-2025 08:33:50 Europe/Berlin] ProductTranslatable: Content before replacement: Since 2024, PI Development successfully issued {{bond_count_en}} series of bonds backed by deposits 
[30-Mar-2025 08:33:50 Europe/Berlin] ProductTranslatable: Found variables: bond_count_en, bond_total_billion_value
[30-Mar-2025 08:33:50 Europe/Berlin] ProductTranslatable: Replacing {{bond_count_en}} with seven
[30-Mar-2025 08:33:50 Europe/Berlin] ProductTranslatable: Replacing {{bond_total_billion_value}} with 9
[30-Mar-2025 08:33:50 Europe/Berlin] ProductTranslatable: Content after replacement: Since 2024, PI Development successfully issued seven series of bonds backed by deposits totalling 9 
[30-Mar-2025 08:33:50 Europe/Berlin] ProductTranslatable: Content before replacement: 1
[30-Mar-2025 08:33:50 Europe/Berlin] ProductTranslatable: No variables found in content
[30-Mar-2025 08:33:50 Europe/Berlin] ProductTranslatable: Content after replacement: 1
[30-Mar-2025 08:33:50 Europe/Berlin] ProductTranslatable: Content before replacement: PI Development
[30-Mar-2025 08:33:50 Europe/Berlin] ProductTranslatable: No variables found in content
[30-Mar-2025 08:33:50 Europe/Berlin] ProductTranslatable: Content after replacement: PI Development
[30-Mar-2025 08:33:50 Europe/Berlin] ProductTranslatable: Content before replacement: PI Development
[30-Mar-2025 08:33:50 Europe/Berlin] ProductTranslatable: No variables found in content
[30-Mar-2025 08:33:50 Europe/Berlin] ProductTranslatable: Content after replacement: PI Development
[30-Mar-2025 08:33:50 Europe/Berlin] ProductTranslatable: Content before replacement: Innovate Today, Secure Tomorrow
[30-Mar-2025 08:33:50 Europe/Berlin] ProductTranslatable: No variables found in content
[30-Mar-2025 08:33:50 Europe/Berlin] ProductTranslatable: Content after replacement: Innovate Today, Secure Tomorrow
[30-Mar-2025 08:33:50 Europe/Berlin] ProductTranslatable: Content before replacement: PI Development
[30-Mar-2025 08:33:50 Europe/Berlin] ProductTranslatable: No variables found in content
[30-Mar-2025 08:33:50 Europe/Berlin] ProductTranslatable: Content after replacement: PI Development
[30-Mar-2025 08:41:22 Europe/Berlin] ProductTranslatable: Content before replacement: PI Development specializes in creating, structuring, and distributing innovative financial products 
[30-Mar-2025 08:41:22 Europe/Berlin] ProductTranslatable: No variables found in content
[30-Mar-2025 08:41:22 Europe/Berlin] ProductTranslatable: Content after replacement: PI Development specializes in creating, structuring, and distributing innovative financial products 
[30-Mar-2025 08:41:22 Europe/Berlin] ProductTranslatable: Content before replacement: Established in 2023 by Itai Ruschkewitz, Dan Rosenberg, and PI, Who have over 50 years of combined e
[30-Mar-2025 08:41:22 Europe/Berlin] ProductTranslatable: No variables found in content
[30-Mar-2025 08:41:22 Europe/Berlin] ProductTranslatable: Content after replacement: Established in 2023 by Itai Ruschkewitz, Dan Rosenberg, and PI, Who have over 50 years of combined e
[30-Mar-2025 08:41:22 Europe/Berlin] ProductTranslatable: Content before replacement: The company operates through several subsidiaries, including PI Deposits and PI Plus, both of which 
[30-Mar-2025 08:41:22 Europe/Berlin] ProductTranslatable: No variables found in content
[30-Mar-2025 08:41:22 Europe/Berlin] ProductTranslatable: Content after replacement: The company operates through several subsidiaries, including PI Deposits and PI Plus, both of which 
[30-Mar-2025 08:41:22 Europe/Berlin] ProductTranslatable: Content before replacement: Since 2024, PI Development successfully issued {{bond_count_en}} series of bonds backed by deposits 
[30-Mar-2025 08:41:22 Europe/Berlin] ProductTranslatable: Found variables: bond_count_en, bond_total_billion_value
[30-Mar-2025 08:41:22 Europe/Berlin] ProductTranslatable: Replacing {{bond_count_en}} with seven
[30-Mar-2025 08:41:22 Europe/Berlin] ProductTranslatable: Replacing {{bond_total_billion_value}} with 9
[30-Mar-2025 08:41:22 Europe/Berlin] ProductTranslatable: Content after replacement: Since 2024, PI Development successfully issued seven series of bonds backed by deposits totalling 9 
[30-Mar-2025 08:41:22 Europe/Berlin] ProductTranslatable: Content before replacement: 1
[30-Mar-2025 08:41:22 Europe/Berlin] ProductTranslatable: No variables found in content
[30-Mar-2025 08:41:22 Europe/Berlin] ProductTranslatable: Content after replacement: 1
[30-Mar-2025 08:41:22 Europe/Berlin] ProductTranslatable: Content before replacement: PI Development
[30-Mar-2025 08:41:22 Europe/Berlin] ProductTranslatable: No variables found in content
[30-Mar-2025 08:41:22 Europe/Berlin] ProductTranslatable: Content after replacement: PI Development
[30-Mar-2025 08:41:22 Europe/Berlin] ProductTranslatable: Content before replacement: PI Development
[30-Mar-2025 08:41:22 Europe/Berlin] ProductTranslatable: No variables found in content
[30-Mar-2025 08:41:22 Europe/Berlin] ProductTranslatable: Content after replacement: PI Development
[30-Mar-2025 08:41:22 Europe/Berlin] ProductTranslatable: Content before replacement: Innovate Today, Secure Tomorrow
[30-Mar-2025 08:41:22 Europe/Berlin] ProductTranslatable: No variables found in content
[30-Mar-2025 08:41:22 Europe/Berlin] ProductTranslatable: Content after replacement: Innovate Today, Secure Tomorrow
[30-Mar-2025 08:41:22 Europe/Berlin] ProductTranslatable: Content before replacement: PI Development
[30-Mar-2025 08:41:22 Europe/Berlin] ProductTranslatable: No variables found in content
[30-Mar-2025 08:41:22 Europe/Berlin] ProductTranslatable: Content after replacement: PI Development
[30-Mar-2025 08:41:25 Europe/Berlin] ProductTranslatable: Content before replacement: Pi Finance Ltd., a company under the PI Group, provides investment advisory services for the mutual 
[30-Mar-2025 08:41:25 Europe/Berlin] ProductTranslatable: Found variables: fund_count, fund_value
[30-Mar-2025 08:41:25 Europe/Berlin] ProductTranslatable: Replacing {{fund_count}} with 234
[30-Mar-2025 08:41:25 Europe/Berlin] ProductTranslatable: Replacing {{fund_value}} with 40.13
[30-Mar-2025 08:41:25 Europe/Berlin] ProductTranslatable: Content after replacement: Pi Finance Ltd., a company under the PI Group, provides investment advisory services for the mutual 
[30-Mar-2025 08:41:25 Europe/Berlin] ProductTranslatable: Content before replacement: * <small><small>As of {{fund_value_date_en}}</small></small>
[30-Mar-2025 08:41:25 Europe/Berlin] ProductTranslatable: Found variables: fund_value_date_en
[30-Mar-2025 08:41:25 Europe/Berlin] ProductTranslatable: Replacing {{fund_value_date_en}} with February 28, 2025
[30-Mar-2025 08:41:25 Europe/Berlin] ProductTranslatable: Content after replacement: * <small><small>As of February 28, 2025</small></small>
[30-Mar-2025 08:41:25 Europe/Berlin] ProductTranslatable: Content before replacement: <small><small><p>2B - Up to 30% exposure to stocks and foreign currency in absolute terms.<br>Invest
[30-Mar-2025 08:41:25 Europe/Berlin] ProductTranslatable: No variables found in content
[30-Mar-2025 08:41:25 Europe/Berlin] ProductTranslatable: Content after replacement: <small><small><p>2B - Up to 30% exposure to stocks and foreign currency in absolute terms.<br>Invest
[30-Mar-2025 08:41:25 Europe/Berlin] ProductTranslatable: Content before replacement: <small><small><p>The above does not constitute a substitute for investment advice by a licensed inve
[30-Mar-2025 08:41:25 Europe/Berlin] ProductTranslatable: No variables found in content
[30-Mar-2025 08:41:25 Europe/Berlin] ProductTranslatable: Content after replacement: <small><small><p>The above does not constitute a substitute for investment advice by a licensed inve
[30-Mar-2025 08:41:25 Europe/Berlin] ProductTranslatable: Content before replacement: 1
[30-Mar-2025 08:41:25 Europe/Berlin] ProductTranslatable: No variables found in content
[30-Mar-2025 08:41:25 Europe/Berlin] ProductTranslatable: Content after replacement: 1
[30-Mar-2025 08:41:25 Europe/Berlin] ProductTranslatable: Content before replacement: Ayalon PI (2B) 70/30 IL
[30-Mar-2025 08:41:25 Europe/Berlin] ProductTranslatable: No variables found in content
[30-Mar-2025 08:41:25 Europe/Berlin] ProductTranslatable: Content after replacement: Ayalon PI (2B) 70/30 IL
[30-Mar-2025 08:41:25 Europe/Berlin] ProductTranslatable: Content before replacement: Ayalon PI (2B) 70/30 IL
[30-Mar-2025 08:41:25 Europe/Berlin] ProductTranslatable: No variables found in content
[30-Mar-2025 08:41:25 Europe/Berlin] ProductTranslatable: Content after replacement: Ayalon PI (2B) 70/30 IL
[30-Mar-2025 08:41:25 Europe/Berlin] ProductTranslatable: Content before replacement: paper number: 5102157
[30-Mar-2025 08:41:25 Europe/Berlin] ProductTranslatable: No variables found in content
[30-Mar-2025 08:41:25 Europe/Berlin] ProductTranslatable: Content after replacement: paper number: 5102157
[30-Mar-2025 08:41:31 Europe/Berlin] ProductTranslatable: Content before replacement: In 2021, Kesem, the mutual fund arm of the Phoenix Investment house, invested and partnered with PI 
[30-Mar-2025 08:41:31 Europe/Berlin] ProductTranslatable: No variables found in content
[30-Mar-2025 08:41:31 Europe/Berlin] ProductTranslatable: Content after replacement: In 2021, Kesem, the mutual fund arm of the Phoenix Investment house, invested and partnered with PI 
[30-Mar-2025 08:41:31 Europe/Berlin] ProductTranslatable: Content before replacement: 1
[30-Mar-2025 08:41:31 Europe/Berlin] ProductTranslatable: No variables found in content
[30-Mar-2025 08:41:31 Europe/Berlin] ProductTranslatable: Content after replacement: 1
[30-Mar-2025 08:41:31 Europe/Berlin] ProductTranslatable: Content before replacement: PI Crypto
[30-Mar-2025 08:41:31 Europe/Berlin] ProductTranslatable: No variables found in content
[30-Mar-2025 08:41:31 Europe/Berlin] ProductTranslatable: Content after replacement: PI Crypto
[30-Mar-2025 08:41:31 Europe/Berlin] ProductTranslatable: Content before replacement: PI Crypto
[30-Mar-2025 08:41:31 Europe/Berlin] ProductTranslatable: No variables found in content
[30-Mar-2025 08:41:31 Europe/Berlin] ProductTranslatable: Content after replacement: PI Crypto
[30-Mar-2025 08:41:31 Europe/Berlin] ProductTranslatable: Content before replacement: Unlocking Blockchain Potential Together
[30-Mar-2025 08:41:31 Europe/Berlin] ProductTranslatable: No variables found in content
[30-Mar-2025 08:41:31 Europe/Berlin] ProductTranslatable: Content after replacement: Unlocking Blockchain Potential Together
[30-Mar-2025 08:41:38 Europe/Berlin] ProductTranslatable: Content before replacement: PI Equity seeks to find, understand, and manage a small number of exceptional medium term investment
[30-Mar-2025 08:41:38 Europe/Berlin] ProductTranslatable: No variables found in content
[30-Mar-2025 08:41:38 Europe/Berlin] ProductTranslatable: Content after replacement: PI Equity seeks to find, understand, and manage a small number of exceptional medium term investment
[30-Mar-2025 08:41:38 Europe/Berlin] ProductTranslatable: Content before replacement: Our aim is to generate attractive, equity-like returns for our investors in the coming decades.
[30-Mar-2025 08:41:38 Europe/Berlin] ProductTranslatable: No variables found in content
[30-Mar-2025 08:41:38 Europe/Berlin] ProductTranslatable: Content after replacement: Our aim is to generate attractive, equity-like returns for our investors in the coming decades.
[30-Mar-2025 08:41:38 Europe/Berlin] ProductTranslatable: Content before replacement: 1
[30-Mar-2025 08:41:38 Europe/Berlin] ProductTranslatable: No variables found in content
[30-Mar-2025 08:41:38 Europe/Berlin] ProductTranslatable: Content after replacement: 1
[30-Mar-2025 08:41:38 Europe/Berlin] ProductTranslatable: Content before replacement: PI Equity
[30-Mar-2025 08:41:38 Europe/Berlin] ProductTranslatable: No variables found in content
[30-Mar-2025 08:41:38 Europe/Berlin] ProductTranslatable: Content after replacement: PI Equity
[30-Mar-2025 08:41:38 Europe/Berlin] ProductTranslatable: Content before replacement: PI Equity
[30-Mar-2025 08:41:38 Europe/Berlin] ProductTranslatable: No variables found in content
[30-Mar-2025 08:41:38 Europe/Berlin] ProductTranslatable: Content after replacement: PI Equity
[30-Mar-2025 08:41:38 Europe/Berlin] ProductTranslatable: Content before replacement: Cultivating Israeli Business Gems
[30-Mar-2025 08:41:38 Europe/Berlin] ProductTranslatable: No variables found in content
[30-Mar-2025 08:41:38 Europe/Berlin] ProductTranslatable: Content after replacement: Cultivating Israeli Business Gems
[30-Mar-2025 08:41:38 Europe/Berlin] ProductTranslatable: Content before replacement: PI Equity
[30-Mar-2025 08:41:38 Europe/Berlin] ProductTranslatable: No variables found in content
[30-Mar-2025 08:41:38 Europe/Berlin] ProductTranslatable: Content after replacement: PI Equity
